I'm sorry, but errors were detected in your script. Please correct the
errors listed below, and try again.


File "game/tag1.rpy", line 324: expected statement.
    music stop
              ^

Ren'Py Version: Ren'Py 7.4.11.2266
Sat Jan 29 23:13:05 2022
